// Jest Snapshot v1, https://goo.gl/fbAQLP

exports[`core/cover-image block edit matches snapshot 1`] = `
<div
  class="components-placeholder editor-media-placeholder wp-block-cover-image"
>
  <div
    class="components-placeholder__label"
  >
    <div
      class="editor-rich-text"
    >
      <div>
        <div>
          <div
            class="components-autocomplete"
          >
            <h2
              aria-autocomplete="list"
              aria-expanded="false"
              aria-multiline="true"
              class="editor-rich-text__tinymce"
              contenteditable="true"
              role="textbox"
            />
          </div>
        </div>
      </div>
    </div>
  </div>
  <div
    class="components-placeholder__instructions"
  >
    Drag an image, upload a new one or select a file from your library.
  </div>
  <div
    class="components-placeholder__fieldset"
  >
    <div
      class="components-drop-zone"
    >
      <div
        class="components-drop-zone__content"
      >
        <svg
          aria-hidden="true"
          class="dashicon dashicons-upload components-drop-zone__content-icon"
          focusable="false"
          height="40"
          role="img"
          viewBox="0 0 20 20"
          width="40"
          xmlns="http://www.w3.org/2000/svg"
        >
          <path
            d="M8 14V8H5l5-6 5 6h-3v6H8zm-2 2v-6H4v8h12.01v-8H14v6H6z"
          />
        </svg>
        <span
          class="components-drop-zone__content-text"
        >
          Drop files to upload
        </span>
      </div>
    </div>
    <div
      class="components-form-file-upload"
    >
      <button
        class="components-button components-icon-button editor-media-placeholder__upload-button is-button is-default is-large"
        type="button"
      >
        <svg
          aria-hidden="true"
          class="dashicon dashicons-upload"
          focusable="false"
          height="20"
          role="img"
          viewBox="0 0 20 20"
          width="20"
          xmlns="http://www.w3.org/2000/svg"
        >
          <path
            d="M8 14V8H5l5-6 5 6h-3v6H8zm-2 2v-6H4v8h12.01v-8H14v6H6z"
          />
        </svg>
        Upload
      </button>
      <input
        accept="image/*"
        style="display:none"
        type="file"
      />
    </div>
  </div>
</div>
`;
