// Jest Snapshot v1, https://goo.gl/fbAQLP

exports[`Deprecated Node Matcher should insert block 1`] = `
"<!-- wp:deprecated-node-matcher -->
<blockquote class=\\"wp-block-deprecated-node-matcher\\"><p>test</p><p></p></blockquote>
<!-- /wp:deprecated-node-matcher -->"
`;
